// Jest Snapshot v1, https://goo.gl/fbAQLP

exports[`Info is render 1`] = `
<div>
  <p>
    Proof of concept for an app to admin product orders for a windows production company and generate optimized cutting list for windows parts.
  </p>
  <p>
    Build by Lucas Arvelo
  </p>
</div>
`;
